{
    "current_page": 1,
    "data": [
        {
            "id": 1,
            "value": "some_value",
            "created_at": "2019-10-04 11:42:18",
            "updated_at": "2019-10-04 11:42:18"
        }
    ],
    "first_page_url": "http:\/\/localhost\/test-models?page=1",
    "from": 1,
    "last_page": 1,
    "last_page_url": "http:\/\/localhost\/test-models?page=1",
    "next_page_url": null,
    "path": "http:\/\/localhost\/test-models",
    "per_page": 15,
    "prev_page_url": null,
    "to": 1,
    "total": 1
}
