{
    "id": 1,
    "value": "some_value",
    "created_at": "2021-03-17T10:15:28.000000Z",
    "updated_at": "2021-03-17T10:15:28.000000Z"
}
