{
    "id": 1,
    "value": "some_value",
    "created_at": "2019-10-04 13:12:58",
    "updated_at": "2019-10-04 13:12:58"
}
