{
    "value": "some_other_value",
    "updated_at": "2019-10-04 13:09:18",
    "created_at": "2019-10-04 13:09:18",
    "id": 1
}
