{
    "id": 1,
    "value": "some_other_value",
    "created_at": "2021-03-26T12:44:11.000000Z",
    "updated_at": "2021-03-26T12:44:11.000000Z"
}
