{
    "id": 1,
    "value": "some_other_value",
    "created_at": "2019-10-04 13:24:20",
    "updated_at": "2019-10-04 13:24:20"
}
